학습 1,221,585 -> 관문 2024 1군 223,497  시즌가중 2.0  시드 3개
학습 완료 417s   전체단독 862.2  R단독 862.0

라우팅 비율 (MLP 없이).  현행 0.6
      전체비중    shift0      최적시프트      판별력
      0.40     865.6    -0.0411    907.2
      0.50     865.8    -0.0410    907.1
      0.60     865.6    -0.0408    906.7
      0.70     865.2    -0.0407    906.0
      0.80     864.5    -0.0406    905.1
      1.00     862.2    -0.0403    902.2

MLP 비중 (라우팅 0.6 고정).  현행 0.20
     MLP비중    shift0      최적시프트      판별력
      0.00     865.6    -0.0408    906.7
      0.15     880.0    -0.0364    912.6
      0.20     882.6    -0.0349    912.6
      0.25     884.1    -0.0334    911.6
      0.30     884.5    -0.0319    909.6
      0.40     881.9    -0.0290    902.5

상관: 가중CatBoost(0.6/0.4) ~ MLP = 0.9072
      (균등가중 시절엔 0.8851 이었다. 올랐으면 MLP 비중을 줄여야 한다)

둘을 같이 고르면
  최고 판별력 912.9  라우팅 0.40 / MLP 0.15
  현행(0.6 / 0.20) 912.6   차이 +0.3

판독: 차이가 +5 이내면 현행 유지. 관문에서 두 값을 동시에 고르면 과적합이다.
