학습 2023 245,525행  -> 관문 2024 253,507행 (1군 223,497)
RTDL classifier
[('epoch_timer', <skorch.callbacks.logging.EpochTimer object at 0x0000023EBF785F50>), ('train_loss', <skorch.callbacks.scoring.PassthroughScoring object at 0x0000023EBF786D10>), ('valid_loss', <skorch.callbacks.scoring.PassthroughScoring object at 0x0000023EBF785F90>), ('valid_acc', <skorch.callbacks.scoring.EpochScoring object at 0x0000023EBF786290>), ('print_log', <skorch.callbacks.logging.PrintLog object at 0x0000023EBF850750>)]
Initializing UniquePrefixCheckpoint
fn_prefix is 2468573576592
A checkpoint was triggered in epoch 2.
  epoch    train_accuracy    train_loss    valid_acc    valid_loss    cp      dur
-------  ----------------  ------------  -----------  ------------  ----  -------
      1            [36m0.5307[0m        [32m0.6899[0m       [35m0.5457[0m        [31m0.6876[0m     +  18.7811
      2            0.5386        [32m0.6886[0m       0.5456        [31m0.6875[0m        18.1793
      3            0.5412        [32m0.6882[0m       0.5440        [31m0.6874[0m        18.6559
      4            0.5432        [32m0.6875[0m       0.5445        [31m0.6873[0m        19.7923
      5            0.5451        [32m0.6868[0m       0.5449        0.6875        20.2369
      6            0.5488        [32m0.6860[0m       0.5440        0.6874        18.9235
      7            0.5513        [32m0.6850[0m       0.5444        0.6874        19.5487
      8            0.5540        [32m0.6842[0m       0.5447        0.6880        19.8649
      9            0.5576        [32m0.6831[0m       0.5442        0.6877        20.0329
     10            0.5612        [32m0.6817[0m       0.5417        0.6895        19.5066
     11            0.5645        [32m0.6807[0m       0.5451        0.6885        19.3937
     12            0.5666        [32m0.6792[0m       0.5425        0.6897        19.1425
     13            0.5711        [32m0.6777[0m       0.5418        0.6891        19.8613
     14            0.5751        [32m0.6761[0m       0.5454        0.6900        19.5176
     15            0.5775        [32m0.6747[0m       0.5434        0.6898        19.3834
     16            0.5806        [32m0.6729[0m       0.5420        0.6918        19.0259
     17            0.5833        [32m0.6711[0m       0.5404        0.6927        19.3770
A checkpoint was triggered in epoch 19.
     18            0.5861        [32m0.6693[0m       [35m0.5461[0m        0.6949     +  19.1178
     19            0.5900        [32m0.6675[0m       0.5428        0.6953        19.4266
     20            0.5922        [32m0.6658[0m       0.5396        0.6970        19.1452
     21            0.5969        [32m0.6632[0m       0.5398        0.6989        19.0918
     22            0.5988        [32m0.6618[0m       0.5427        0.6974        20.2005
     23            0.6011        [32m0.6599[0m       0.5447        0.7006        19.0863
     24            0.6035        [32m0.6579[0m       0.5393        0.7020        19.1025
     25            0.6068        [32m0.6554[0m       0.5382        0.7072        19.5439
     26            0.6080        [32m0.6539[0m       0.5413        0.7037        19.0074
     27            0.6121        [32m0.6513[0m       0.5400        0.7061        19.0492
     28            0.6142        [32m0.6501[0m       0.5394        0.7069        20.1573
     29            0.6154        [32m0.6485[0m       0.5404        0.7097        19.3831
     30            0.6173        [32m0.6464[0m       0.5389        0.7114        19.2564
     31            0.6191        [32m0.6449[0m       0.5393        0.7115        19.1803
     32            0.6221        [32m0.6427[0m       0.5380        0.7123        19.2046
     33            0.6236        [32m0.6410[0m       0.5368        0.7147        19.2225
     34            0.6238        [32m0.6394[0m       0.5354        0.7145        19.0934
     35            0.6253        [32m0.6384[0m       0.5344        0.7147        19.1889
     36            0.6266        [32m0.6367[0m       0.5385        0.7222        19.5009
     37            0.6285        [32m0.6351[0m       0.5357        0.7215        19.2852
train end
Loading best checkpoint after training.
removing ./rtdl_checkpoints/2468573576592params.pt
  시드 2  단독 shift0 -2759.3   예측평균 0.5233   (757s)
RTDL classifier
[('epoch_timer', <skorch.callbacks.logging.EpochTimer object at 0x0000023EC9519810>), ('train_loss', <skorch.callbacks.scoring.PassthroughScoring object at 0x0000023EC9519D10>), ('valid_loss', <skorch.callbacks.scoring.PassthroughScoring object at 0x0000023EC951B890>), ('valid_acc', <skorch.callbacks.scoring.EpochScoring object at 0x0000023EC9519B50>), ('print_log', <skorch.callbacks.logging.PrintLog object at 0x0000023EC951B850>)]
Initializing UniquePrefixCheckpoint
fn_prefix is 2468687710928
A checkpoint was triggered in epoch 2.
  epoch    train_accuracy    train_loss    valid_acc    valid_loss    cp      dur
-------  ----------------  ------------  -----------  ------------  ----  -------
      1            [36m0.5327[0m        [32m0.6899[0m       [35m0.5387[0m        [31m0.6892[0m     +  18.7636
      2            0.5405        [32m0.6884[0m       0.5385        [31m0.6883[0m        19.2095
A checkpoint was triggered in epoch 4.
      3            0.5420        [32m0.6876[0m       [35m0.5402[0m        0.6885     +  19.6099
A checkpoint was triggered in epoch 5.
      4            0.5452        [32m0.6869[0m       [35m0.5406[0m        [31m0.6883[0m     +  20.0441
A checkpoint was triggered in epoch 6.
      5            0.5482        [32m0.6860[0m       [35m0.5428[0m        0.6883     +  35.0992
      6            0.5522        [32m0.6848[0m       0.5412        0.6890        20.2099
      7            0.5557        [32m0.6839[0m       0.5423        0.6892        19.8771
      8            0.5597        [32m0.6827[0m       0.5420        0.6891        19.5292
      9            0.5619        [32m0.6816[0m       0.5399        0.6902        19.6000
     10            0.5660        [32m0.6800[0m       0.5413        0.6889        19.6213
     11            0.5702        [32m0.6786[0m       0.5398        0.6918        19.5189
     12            0.5738        [32m0.6766[0m       0.5383        0.6920        19.4807
     13            0.5754        [32m0.6752[0m       0.5379        0.6924        20.0430
     14            0.5794        [32m0.6733[0m       0.5372        0.6922        19.6434
     15            0.5833        [32m0.6712[0m       0.5385        0.6951        19.5333
     16            0.5864        [32m0.6693[0m       0.5387        0.6935        19.4624
     17            0.5892        [32m0.6675[0m       0.5392        0.6985        19.3868
     18            0.5920        [32m0.6658[0m       0.5383        0.6989        19.3489
     19            0.5951        [32m0.6637[0m       0.5370        0.7033        21.1596
     20            0.5991        [32m0.6613[0m       0.5370        0.7032        20.1260
     21            0.6013        [32m0.6590[0m       0.5369        0.7074        19.7888
     22            0.6030        [32m0.6570[0m       0.5347        0.7068        20.1083
     23            0.6068        [32m0.6553[0m       0.5389        0.7045        20.0207
     24            0.6083        [32m0.6530[0m       0.5362        0.7063        19.8895
train end
Loading best checkpoint after training.
removing ./rtdl_checkpoints/2468687710928params.pt
  시드 3  단독 shift0   567.8   예측평균 0.5022   (529s)
RTDL classifier
[('epoch_timer', <skorch.callbacks.logging.EpochTimer object at 0x0000023EC2B42B50>), ('train_loss', <skorch.callbacks.scoring.PassthroughScoring object at 0x0000023EC2B43AD0>), ('valid_loss', <skorch.callbacks.scoring.PassthroughScoring object at 0x0000023EC2B40190>), ('valid_acc', <skorch.callbacks.scoring.EpochScoring object at 0x0000023EC2B42A90>), ('print_log', <skorch.callbacks.logging.PrintLog object at 0x0000023EC2B41850>)]
Initializing UniquePrefixCheckpoint
fn_prefix is 2468688029008
A checkpoint was triggered in epoch 2.
  epoch    train_accuracy    train_loss    valid_acc    valid_loss    cp      dur
-------  ----------------  ------------  -----------  ------------  ----  -------
      1            [36m0.5322[0m        [32m0.6898[0m       [35m0.5420[0m        [31m0.6881[0m     +  19.3544
      2            0.5397        [32m0.6885[0m       0.5415        0.6883        19.8931
A checkpoint was triggered in epoch 4.
      3            0.5419        [32m0.6879[0m       [35m0.5441[0m        [31m0.6878[0m     +  20.0291
      4            0.5444        [32m0.6872[0m       0.5417        [31m0.6876[0m        20.0660
      5            0.5480        [32m0.6865[0m       0.5424        [31m0.6874[0m        20.3459
      6            0.5493        [32m0.6856[0m       0.5413        0.6883        20.0172
      7            0.5524        [32m0.6848[0m       0.5428        0.6879        21.5454
      8            0.5553        [32m0.6839[0m       0.5413        0.6882        20.4041
      9            0.5579        [32m0.6826[0m       0.5428        0.6879        21.4282
     10            0.5608        [32m0.6814[0m       0.5427        0.6888        20.3453
     11            0.5655        [32m0.6798[0m       0.5406        0.6899        20.1321
     12            0.5681        [32m0.6782[0m       0.5406        0.6926        20.0240
     13            0.5732        [32m0.6765[0m       0.5419        0.6906        20.5149
     14            0.5758        [32m0.6748[0m       0.5403        0.6918        20.0985
     15            0.5806        [32m0.6726[0m       0.5417        0.6941        19.9518
     16            0.5851        [32m0.6708[0m       0.5428        0.6941        20.0565
     17            0.5873        [32m0.6688[0m       0.5396        0.6956        20.2526
     18            0.5903        [32m0.6665[0m       0.5407        0.6976        20.0780
     19            0.5927        [32m0.6648[0m       0.5380        0.6965        19.9521
     20            0.5950        [32m0.6630[0m       0.5375        0.6970        20.2298
     21            0.5998        [32m0.6605[0m       0.5381        0.7033        19.9470
     22            0.5997        [32m0.6590[0m       0.5412        0.7036        20.3854
train end
Loading best checkpoint after training.
removing ./rtdl_checkpoints/2468688029008params.pt
  시드 4  단독 shift0   799.8   예측평균 0.4909   (486s)

==========================================================================
시드별 단독 / 누적평균
==========================================================================
  시드 1개 평균   MLP 단독   773.3   CB 와 상관 0.8891
  시드 2개 평균   MLP 단독   -65.6   CB 와 상관 0.6473
  시드 3개 평균   MLP 단독   331.2   CB 와 상관 0.7372
  시드 4개 평균   MLP 단독   569.5   CB 와 상관 0.7809

==========================================================================
앙상블 (shift 0, 관문 1군).  현 제출본 = 시드1개 x 0.20 = 리더보드 996
==========================================================================
  기준 관문 876.3   (관문 델타 x 0.36 = 리더보드 예상 델타)
    시드수    w=0.20      0.25      0.30      0.35      0.40      0.50   최적w
      1     876.3     879.5     881.4     882.0     881.4     876.2   0.35 -> 예상 998.1
      2     848.0     833.3     812.9     786.8     755.1     674.8   0.20 -> 예상 985.8
      3     865.2     859.6     850.3     837.3     820.6     776.0   0.20 -> 예상 992.0
      4     872.2     871.5     868.4     862.8     854.8     831.6   0.20 -> 예상 994.5
