학습 1,221,585 -> 관문 2024 1군 223,497  시즌가중 2.0
기준: CatBoost 단독 906.7 / 현 제출본(+MLP0.2) 912.6
참고 상관  CatBoost~MLP 0.9072

  모델                   단독     CB상관     최적비중     CB와섞어      현제출대비     시간
  LightGBM          849.7   0.9617     0.10     913.1       +0.5   177s
  HistGB            850.5   0.9628     0.05     913.0       +0.4   361s
  ExtraTrees        798.0   0.9523     0.00     912.6       +0.0  5271s
C:\Users\jaemin.DESKTOP-2B30D1D\aimers_venv\Lib\site-packages\sklearn\linear_model\_logistic.py:1457: FutureWarning: 'n_jobs' has no effect since 1.8 and will be removed in 1.10. You provided 'n_jobs=6', please leave it unspecified.
  warnings.warn(msg, category=FutureWarning)
C:\Users\jaemin.DESKTOP-2B30D1D\aimers_venv\Lib\site-packages\sklearn\linear_model\_logistic.py:1457: FutureWarning: 'n_jobs' has no effect since 1.8 and will be removed in 1.10. You provided 'n_jobs=6', please leave it unspecified.
  warnings.warn(msg, category=FutureWarning)
C:\Users\jaemin.DESKTOP-2B30D1D\aimers_venv\Lib\site-packages\sklearn\linear_model\_logistic.py:1457: FutureWarning: 'n_jobs' has no effect since 1.8 and will be removed in 1.10. You provided 'n_jobs=6', please leave it unspecified.
  warnings.warn(msg, category=FutureWarning)
C:\Users\jaemin.DESKTOP-2B30D1D\aimers_venv\Lib\site-packages\sklearn\linear_model\_logistic.py:1457: FutureWarning: 'n_jobs' has no effect since 1.8 and will be removed in 1.10. You provided 'n_jobs=6', please leave it unspecified.
  warnings.warn(msg, category=FutureWarning)
C:\Users\jaemin.DESKTOP-2B30D1D\aimers_venv\Lib\site-packages\sklearn\linear_model\_logistic.py:1457: FutureWarning: 'n_jobs' has no effect since 1.8 and will be removed in 1.10. You provided 'n_jobs=6', please leave it unspecified.
  warnings.warn(msg, category=FutureWarning)
C:\Users\jaemin.DESKTOP-2B30D1D\aimers_venv\Lib\site-packages\sklearn\linear_model\_logistic.py:1457: FutureWarning: 'n_jobs' has no effect since 1.8 and will be removed in 1.10. You provided 'n_jobs=6', please leave it unspecified.
  warnings.warn(msg, category=FutureWarning)
  로지스틱회귀            842.1   0.9562     0.10     913.7       +1.1    30s

판독: CB상관 0.95 아래면 앙상블 재료가 된다. 0.98 이상이면 같은 걸 배운 것이다.
      '현제출대비' 가 +8 이상이어야 넣을 값어치가 있다 (LB 환산 약 +8).
